// Jest Snapshot v1, https://goo.gl/fbAQLP

exports[`matches snapshots 1`] = `
<div
  className="container"
>
  <div
    className="row"
    style={
      Object {
        "margin": "1.25rem 0 2rem",
      }
    }
  >
    <h2>
      Classifieds
    </h2>
  </div>
  <div
    className="row"
  />
</div>
`;
